2025-08-13 20:37:44 [main] INFO  parcial1.App - Iniciando simulación de mercado de criptomonedas
2025-08-13 20:37:44 [main] INFO  parcial1.App - Creando instancia de ApiCripto
2025-08-13 20:37:45 [main] INFO  parcial1.model.ApiCripto - Criptomonedas obtenidas correctamente desde la API
2025-08-13 20:37:45 [main] INFO  parcial1.App - Lista de criptomonedas obtenida. Total: 100
2025-08-13 20:37:45 [main] INFO  parcial1.App - Se seleccionaron 10 criptomonedas aleatorias para la simulación
2025-08-13 20:37:45 [main] INFO  parcial1.App - Traders creados: Alice y Bob
2025-08-13 20:37:45 [main] INFO  parcial1.App - OrderBook y TransactionProcessor inicializados
2025-08-13 20:37:45 [main] INFO  parcial1.App - === INICIANDO SIMULACIÓN ===
2025-08-13 20:37:45 [main] INFO  parcial1.App - 
--- TURNO 1 ---
2025-08-13 20:37:45 [main] INFO  parcial1.App - Precios de criptomonedas fluctuados para el turno 1
2025-08-13 20:37:45 [main] INFO  parcial1.App - Creando orden aleatoria para trader: Alice
2025-08-13 20:37:45 [main] INFO  parcial1.App - Creando orden aleatoria para trader: Bob
2025-08-13 20:37:45 [main] INFO  parcial1.App - Procesando órdenes del turno 1
2025-08-13 20:37:45 [main] INFO  parcial1.model.trader - Compra realizada: 0.07079766954631302 de AERO
2025-08-13 20:37:45 [main] INFO  parcial1.service.TransactionProcessor - Transacción procesada: Alice buy 0.07079766954631302 AERO
2025-08-13 20:37:45 [main] ERROR parcial1.model.trader - Venta inválida: cantidad insuficiente en portafolio
2025-08-13 20:37:45 [main] ERROR parcial1.model.trader - Error en venta: Venta inválida: cantidad insuficiente en portafolio
java.lang.IllegalArgumentException: Venta inválida: cantidad insuficiente en portafolio
	at parcial1.model.trader.sell(trader.java:97)
	at parcial1.model.trader.sell(trader.java:50)
	at parcial1.service.TransactionProcessor.processOrder(TransactionProcessor.java:38)
	at parcial1.App.main(App.java:69)
2025-08-13 20:37:45 [main] ERROR parcial1.service.TransactionProcessor - Transacción falló: Bob sell 0.03567867245596882 XLM
2025-08-13 20:37:45 [main] INFO  parcial1.App - 
--- TURNO 2 ---
2025-08-13 20:37:45 [main] INFO  parcial1.App - Precios de criptomonedas fluctuados para el turno 2
2025-08-13 20:37:45 [main] INFO  parcial1.App - Creando orden aleatoria para trader: Alice
2025-08-13 20:37:45 [main] INFO  parcial1.App - Creando orden aleatoria para trader: Bob
2025-08-13 20:37:45 [main] INFO  parcial1.App - Procesando órdenes del turno 2
2025-08-13 20:37:45 [main] INFO  parcial1.model.trader - Compra realizada: 0.08620632869826979 de APT
2025-08-13 20:37:45 [main] INFO  parcial1.service.TransactionProcessor - Transacción procesada: Alice buy 0.08620632869826979 APT
2025-08-13 20:37:45 [main] INFO  parcial1.model.trader - Compra realizada: 0.07642708369852305 de APT
2025-08-13 20:37:45 [main] INFO  parcial1.service.TransactionProcessor - Transacción procesada: Bob buy 0.07642708369852305 APT
2025-08-13 20:37:45 [main] INFO  parcial1.App - 
--- TURNO 3 ---
2025-08-13 20:37:45 [main] INFO  parcial1.App - Precios de criptomonedas fluctuados para el turno 3
2025-08-13 20:37:45 [main] INFO  parcial1.App - Creando orden aleatoria para trader: Alice
2025-08-13 20:37:45 [main] INFO  parcial1.App - Creando orden aleatoria para trader: Bob
2025-08-13 20:37:45 [main] INFO  parcial1.App - Procesando órdenes del turno 3
2025-08-13 20:37:45 [main] ERROR parcial1.model.trader - Venta inválida: cantidad insuficiente en portafolio
2025-08-13 20:37:45 [main] ERROR parcial1.model.trader - Error en venta: Venta inválida: cantidad insuficiente en portafolio
java.lang.IllegalArgumentException: Venta inválida: cantidad insuficiente en portafolio
	at parcial1.model.trader.sell(trader.java:97)
	at parcial1.model.trader.sell(trader.java:50)
	at parcial1.service.TransactionProcessor.processOrder(TransactionProcessor.java:38)
	at parcial1.App.main(App.java:69)
2025-08-13 20:37:45 [main] ERROR parcial1.service.TransactionProcessor - Transacción falló: Alice sell 0.10528405430673424 XLM
2025-08-13 20:37:45 [main] INFO  parcial1.model.trader - Compra realizada: 0.05344161244880453 de BCH
2025-08-13 20:37:45 [main] INFO  parcial1.service.TransactionProcessor - Transacción procesada: Bob buy 0.05344161244880453 BCH
2025-08-13 20:37:45 [main] INFO  parcial1.App - 
--- TURNO 4 ---
2025-08-13 20:37:45 [main] INFO  parcial1.App - Precios de criptomonedas fluctuados para el turno 4
2025-08-13 20:37:45 [main] INFO  parcial1.App - Creando orden aleatoria para trader: Alice
2025-08-13 20:37:45 [main] INFO  parcial1.App - Creando orden aleatoria para trader: Bob
2025-08-13 20:37:45 [main] INFO  parcial1.App - Procesando órdenes del turno 4
2025-08-13 20:37:45 [main] ERROR parcial1.model.trader - Venta inválida: cantidad insuficiente en portafolio
2025-08-13 20:37:45 [main] ERROR parcial1.model.trader - Error en venta: Venta inválida: cantidad insuficiente en portafolio
java.lang.IllegalArgumentException: Venta inválida: cantidad insuficiente en portafolio
	at parcial1.model.trader.sell(trader.java:97)
	at parcial1.model.trader.sell(trader.java:50)
	at parcial1.service.TransactionProcessor.processOrder(TransactionProcessor.java:38)
	at parcial1.App.main(App.java:69)
2025-08-13 20:37:45 [main] ERROR parcial1.service.TransactionProcessor - Transacción falló: Alice sell 0.016926592657950237 BCH
2025-08-13 20:37:45 [main] INFO  parcial1.model.trader - Compra realizada: 0.06000358306905239 de BGB
2025-08-13 20:37:45 [main] INFO  parcial1.service.TransactionProcessor - Transacción procesada: Bob buy 0.06000358306905239 BGB
2025-08-13 20:37:45 [main] INFO  parcial1.App - 
--- TURNO 5 ---
2025-08-13 20:37:45 [main] INFO  parcial1.App - Precios de criptomonedas fluctuados para el turno 5
2025-08-13 20:37:45 [main] INFO  parcial1.App - Creando orden aleatoria para trader: Alice
2025-08-13 20:37:45 [main] INFO  parcial1.App - Creando orden aleatoria para trader: Bob
2025-08-13 20:37:45 [main] INFO  parcial1.App - Procesando órdenes del turno 5
2025-08-13 20:37:45 [main] ERROR parcial1.model.trader - Venta inválida: cantidad insuficiente en portafolio
2025-08-13 20:37:45 [main] ERROR parcial1.model.trader - Error en venta: Venta inválida: cantidad insuficiente en portafolio
java.lang.IllegalArgumentException: Venta inválida: cantidad insuficiente en portafolio
	at parcial1.model.trader.sell(trader.java:97)
	at parcial1.model.trader.sell(trader.java:50)
	at parcial1.service.TransactionProcessor.processOrder(TransactionProcessor.java:38)
	at parcial1.App.main(App.java:69)
2025-08-13 20:37:45 [main] ERROR parcial1.service.TransactionProcessor - Transacción falló: Alice sell 0.08109271345202236 MKR
2025-08-13 20:37:45 [main] INFO  parcial1.model.trader - Compra realizada: 0.07319698557614615 de APT
2025-08-13 20:37:45 [main] INFO  parcial1.service.TransactionProcessor - Transacción procesada: Bob buy 0.07319698557614615 APT
2025-08-13 20:37:45 [main] INFO  parcial1.App - 
--- TURNO 6 ---
2025-08-13 20:37:45 [main] INFO  parcial1.App - Precios de criptomonedas fluctuados para el turno 6
2025-08-13 20:37:45 [main] INFO  parcial1.App - Creando orden aleatoria para trader: Alice
2025-08-13 20:37:45 [main] INFO  parcial1.App - Creando orden aleatoria para trader: Bob
2025-08-13 20:37:45 [main] INFO  parcial1.App - Procesando órdenes del turno 6
2025-08-13 20:37:45 [main] ERROR parcial1.model.trader - Venta inválida: cantidad insuficiente en portafolio
2025-08-13 20:37:45 [main] ERROR parcial1.model.trader - Error en venta: Venta inválida: cantidad insuficiente en portafolio
java.lang.IllegalArgumentException: Venta inválida: cantidad insuficiente en portafolio
	at parcial1.model.trader.sell(trader.java:97)
	at parcial1.model.trader.sell(trader.java:50)
	at parcial1.service.TransactionProcessor.processOrder(TransactionProcessor.java:38)
	at parcial1.App.main(App.java:69)
2025-08-13 20:37:45 [main] ERROR parcial1.service.TransactionProcessor - Transacción falló: Alice sell 0.024539746281716793 METH
2025-08-13 20:37:45 [main] ERROR parcial1.model.trader - Venta inválida: cantidad insuficiente en portafolio
2025-08-13 20:37:45 [main] ERROR parcial1.model.trader - Error en venta: Venta inválida: cantidad insuficiente en portafolio
java.lang.IllegalArgumentException: Venta inválida: cantidad insuficiente en portafolio
	at parcial1.model.trader.sell(trader.java:97)
	at parcial1.model.trader.sell(trader.java:50)
	at parcial1.service.TransactionProcessor.processOrder(TransactionProcessor.java:38)
	at parcial1.App.main(App.java:69)
2025-08-13 20:37:45 [main] ERROR parcial1.service.TransactionProcessor - Transacción falló: Bob sell 0.038780172030642227 MKR
2025-08-13 20:37:45 [main] INFO  parcial1.App - 
--- TURNO 7 ---
2025-08-13 20:37:45 [main] INFO  parcial1.App - Precios de criptomonedas fluctuados para el turno 7
2025-08-13 20:37:45 [main] INFO  parcial1.App - Creando orden aleatoria para trader: Alice
2025-08-13 20:37:45 [main] INFO  parcial1.App - Creando orden aleatoria para trader: Bob
2025-08-13 20:37:45 [main] INFO  parcial1.App - Procesando órdenes del turno 7
2025-08-13 20:37:45 [main] INFO  parcial1.model.trader - Compra realizada: 0.053529876066040545 de BGB
2025-08-13 20:37:45 [main] INFO  parcial1.service.TransactionProcessor - Transacción procesada: Alice buy 0.053529876066040545 BGB
2025-08-13 20:37:45 [main] INFO  parcial1.model.trader - Compra realizada: 0.04637275091370338 de BONK
2025-08-13 20:37:45 [main] INFO  parcial1.service.TransactionProcessor - Transacción procesada: Bob buy 0.04637275091370338 BONK
2025-08-13 20:37:45 [main] INFO  parcial1.App - 
--- TURNO 8 ---
2025-08-13 20:37:45 [main] INFO  parcial1.App - Precios de criptomonedas fluctuados para el turno 8
2025-08-13 20:37:45 [main] INFO  parcial1.App - Creando orden aleatoria para trader: Alice
2025-08-13 20:37:45 [main] INFO  parcial1.App - Creando orden aleatoria para trader: Bob
2025-08-13 20:37:45 [main] INFO  parcial1.App - Procesando órdenes del turno 8
2025-08-13 20:37:45 [main] ERROR parcial1.model.trader - Venta inválida: cantidad insuficiente en portafolio
2025-08-13 20:37:45 [main] ERROR parcial1.model.trader - Error en venta: Venta inválida: cantidad insuficiente en portafolio
java.lang.IllegalArgumentException: Venta inválida: cantidad insuficiente en portafolio
	at parcial1.model.trader.sell(trader.java:97)
	at parcial1.model.trader.sell(trader.java:50)
	at parcial1.service.TransactionProcessor.processOrder(TransactionProcessor.java:38)
	at parcial1.App.main(App.java:69)
2025-08-13 20:37:45 [main] ERROR parcial1.service.TransactionProcessor - Transacción falló: Alice sell 0.09571782693433774 AERO
2025-08-13 20:37:45 [main] INFO  parcial1.model.trader - Compra realizada: 0.046343351438911 de METH
2025-08-13 20:37:45 [main] INFO  parcial1.service.TransactionProcessor - Transacción procesada: Bob buy 0.046343351438911 METH
2025-08-13 20:37:45 [main] INFO  parcial1.App - 
--- TURNO 9 ---
2025-08-13 20:37:45 [main] INFO  parcial1.App - Precios de criptomonedas fluctuados para el turno 9
2025-08-13 20:37:45 [main] INFO  parcial1.App - Creando orden aleatoria para trader: Alice
2025-08-13 20:37:45 [main] INFO  parcial1.App - Creando orden aleatoria para trader: Bob
2025-08-13 20:37:45 [main] INFO  parcial1.App - Procesando órdenes del turno 9
2025-08-13 20:37:45 [main] ERROR parcial1.model.trader - Venta inválida: cantidad insuficiente en portafolio
2025-08-13 20:37:45 [main] ERROR parcial1.model.trader - Error en venta: Venta inválida: cantidad insuficiente en portafolio
java.lang.IllegalArgumentException: Venta inválida: cantidad insuficiente en portafolio
	at parcial1.model.trader.sell(trader.java:97)
	at parcial1.model.trader.sell(trader.java:50)
	at parcial1.service.TransactionProcessor.processOrder(TransactionProcessor.java:38)
	at parcial1.App.main(App.java:69)
2025-08-13 20:37:45 [main] ERROR parcial1.service.TransactionProcessor - Transacción falló: Alice sell 0.09409987851437927 KCS
2025-08-13 20:37:45 [main] INFO  parcial1.model.trader - Compra realizada: 0.019189821262440246 de XLM
2025-08-13 20:37:45 [main] INFO  parcial1.service.TransactionProcessor - Transacción procesada: Bob buy 0.019189821262440246 XLM
2025-08-13 20:37:45 [main] INFO  parcial1.App - 
--- TURNO 10 ---
2025-08-13 20:37:45 [main] INFO  parcial1.App - Precios de criptomonedas fluctuados para el turno 10
2025-08-13 20:37:45 [main] INFO  parcial1.App - Creando orden aleatoria para trader: Alice
2025-08-13 20:37:45 [main] INFO  parcial1.App - Creando orden aleatoria para trader: Bob
2025-08-13 20:37:45 [main] INFO  parcial1.App - Procesando órdenes del turno 10
2025-08-13 20:37:45 [main] ERROR parcial1.model.trader - Venta inválida: cantidad insuficiente en portafolio
2025-08-13 20:37:45 [main] ERROR parcial1.model.trader - Error en venta: Venta inválida: cantidad insuficiente en portafolio
java.lang.IllegalArgumentException: Venta inválida: cantidad insuficiente en portafolio
	at parcial1.model.trader.sell(trader.java:97)
	at parcial1.model.trader.sell(trader.java:50)
	at parcial1.service.TransactionProcessor.processOrder(TransactionProcessor.java:38)
	at parcial1.App.main(App.java:69)
2025-08-13 20:37:45 [main] ERROR parcial1.service.TransactionProcessor - Transacción falló: Alice sell 0.05009281735398005 XLM
2025-08-13 20:37:45 [main] INFO  parcial1.model.trader - Venta realizada: 0.03649967666231762 de BCH
2025-08-13 20:37:45 [main] INFO  parcial1.service.TransactionProcessor - Transacción procesada: Bob sell 0.03649967666231762 BCH
2025-08-13 20:37:45 [main] INFO  parcial1.App - === FIN SIMULACIÓN ===
2025-08-13 20:56:33 [main] INFO  parcial1.App - Iniciando simulación de mercado de criptomonedas
2025-08-13 20:56:33 [main] INFO  parcial1.App - Creando instancia de ApiCripto
2025-08-13 20:56:34 [main] INFO  parcial1.model.ApiCripto - Criptomonedas obtenidas correctamente desde la API
2025-08-13 20:56:34 [main] INFO  parcial1.App - Lista de criptomonedas obtenida. Total: 100
2025-08-13 20:56:34 [main] INFO  parcial1.App - Se seleccionaron 10 criptomonedas aleatorias para la simulación
2025-08-13 20:56:34 [main] INFO  parcial1.App - Traders creados: Alice y Bob
2025-08-13 20:56:34 [main] INFO  parcial1.App - OrderBook y TransactionProcessor inicializados
2025-08-13 20:56:34 [main] INFO  parcial1.App - === INICIANDO SIMULACIÓN ===
2025-08-13 20:56:34 [main] INFO  parcial1.App - 
--- TURNO 1 ---
2025-08-13 20:56:34 [main] INFO  parcial1.App - Precios de criptomonedas fluctuados para el turno 1
2025-08-13 20:56:34 [main] INFO  parcial1.App - Creando orden aleatoria para trader: Alice
2025-08-13 20:56:34 [main] INFO  parcial1.App - Creando orden aleatoria para trader: Bob
2025-08-13 20:56:34 [main] INFO  parcial1.App - Procesando órdenes del turno 1
2025-08-13 20:56:34 [main] ERROR parcial1.model.trader - Venta inválida: cantidad insuficiente en portafolio
2025-08-13 20:56:34 [main] ERROR parcial1.model.trader - Error en venta: Venta inválida: cantidad insuficiente en portafolio
java.lang.IllegalArgumentException: Venta inválida: cantidad insuficiente en portafolio
	at parcial1.model.trader.sell(trader.java:97)
	at parcial1.model.trader.sell(trader.java:50)
	at parcial1.service.TransactionProcessor.processOrder(TransactionProcessor.java:38)
	at parcial1.App.main(App.java:77)
2025-08-13 20:56:34 [main] ERROR parcial1.service.TransactionProcessor - Transacción falló: Alice sell 0.08019272945353648 USDe
2025-08-13 20:56:34 [main] INFO  parcial1.model.trader - Compra realizada: 0.08196147784257242 de FIL
2025-08-13 20:56:34 [main] INFO  parcial1.service.TransactionProcessor - Transacción procesada: Bob buy 0.08196147784257242 FIL
2025-08-13 20:56:34 [main] INFO  parcial1.App - 
--- TURNO 2 ---
2025-08-13 20:56:34 [main] INFO  parcial1.App - Precios de criptomonedas fluctuados para el turno 2
2025-08-13 20:56:34 [main] INFO  parcial1.App - Creando orden aleatoria para trader: Alice
2025-08-13 20:56:34 [main] INFO  parcial1.App - Creando orden aleatoria para trader: Bob
2025-08-13 20:56:34 [main] INFO  parcial1.App - Procesando órdenes del turno 2
2025-08-13 20:56:34 [main] INFO  parcial1.model.trader - Compra realizada: 0.04456142968189217 de USDe
2025-08-13 20:56:34 [main] INFO  parcial1.service.TransactionProcessor - Transacción procesada: Alice buy 0.04456142968189217 USDe
2025-08-13 20:56:34 [main] ERROR parcial1.model.trader - Venta inválida: cantidad insuficiente en portafolio
2025-08-13 20:56:34 [main] ERROR parcial1.model.trader - Error en venta: Venta inválida: cantidad insuficiente en portafolio
java.lang.IllegalArgumentException: Venta inválida: cantidad insuficiente en portafolio
	at parcial1.model.trader.sell(trader.java:97)
	at parcial1.model.trader.sell(trader.java:50)
	at parcial1.service.TransactionProcessor.processOrder(TransactionProcessor.java:38)
	at parcial1.App.main(App.java:77)
2025-08-13 20:56:34 [main] ERROR parcial1.service.TransactionProcessor - Transacción falló: Bob sell 0.10245416348544382 USDT
2025-08-13 20:56:34 [main] INFO  parcial1.App - 
--- TURNO 3 ---
2025-08-13 20:56:34 [main] INFO  parcial1.App - Precios de criptomonedas fluctuados para el turno 3
2025-08-13 20:56:34 [main] INFO  parcial1.App - Creando orden aleatoria para trader: Alice
2025-08-13 20:56:34 [main] INFO  parcial1.App - Creando orden aleatoria para trader: Bob
2025-08-13 20:56:34 [main] INFO  parcial1.App - Procesando órdenes del turno 3
2025-08-13 20:56:34 [main] ERROR parcial1.model.trader - Venta inválida: cantidad insuficiente en portafolio
2025-08-13 20:56:34 [main] ERROR parcial1.model.trader - Error en venta: Venta inválida: cantidad insuficiente en portafolio
java.lang.IllegalArgumentException: Venta inválida: cantidad insuficiente en portafolio
	at parcial1.model.trader.sell(trader.java:97)
	at parcial1.model.trader.sell(trader.java:50)
	at parcial1.service.TransactionProcessor.processOrder(TransactionProcessor.java:38)
	at parcial1.App.main(App.java:77)
2025-08-13 20:56:34 [main] ERROR parcial1.service.TransactionProcessor - Transacción falló: Alice sell 0.04029174728152025 QNT
2025-08-13 20:56:34 [main] ERROR parcial1.model.trader - Venta inválida: cantidad insuficiente en portafolio
2025-08-13 20:56:34 [main] ERROR parcial1.model.trader - Error en venta: Venta inválida: cantidad insuficiente en portafolio
java.lang.IllegalArgumentException: Venta inválida: cantidad insuficiente en portafolio
	at parcial1.model.trader.sell(trader.java:97)
	at parcial1.model.trader.sell(trader.java:50)
	at parcial1.service.TransactionProcessor.processOrder(TransactionProcessor.java:38)
	at parcial1.App.main(App.java:77)
2025-08-13 20:56:34 [main] ERROR parcial1.service.TransactionProcessor - Transacción falló: Bob sell 0.07147696317568335 PENDLE
2025-08-13 20:56:34 [main] INFO  parcial1.App - 
--- TURNO 4 ---
2025-08-13 20:56:34 [main] INFO  parcial1.App - Precios de criptomonedas fluctuados para el turno 4
2025-08-13 20:56:34 [main] INFO  parcial1.App - Creando orden aleatoria para trader: Alice
2025-08-13 20:56:34 [main] INFO  parcial1.App - Creando orden aleatoria para trader: Bob
2025-08-13 20:56:34 [main] INFO  parcial1.App - Procesando órdenes del turno 4
2025-08-13 20:56:34 [main] ERROR parcial1.model.trader - Venta inválida: cantidad insuficiente en portafolio
2025-08-13 20:56:34 [main] ERROR parcial1.model.trader - Error en venta: Venta inválida: cantidad insuficiente en portafolio
java.lang.IllegalArgumentException: Venta inválida: cantidad insuficiente en portafolio
	at parcial1.model.trader.sell(trader.java:97)
	at parcial1.model.trader.sell(trader.java:50)
	at parcial1.service.TransactionProcessor.processOrder(TransactionProcessor.java:38)
	at parcial1.App.main(App.java:77)
2025-08-13 20:56:34 [main] ERROR parcial1.service.TransactionProcessor - Transacción falló: Alice sell 0.09909812781657362 QNT
2025-08-13 20:56:34 [main] INFO  parcial1.model.trader - Compra realizada: 0.10743243534836995 de PENDLE
2025-08-13 20:56:34 [main] INFO  parcial1.service.TransactionProcessor - Transacción procesada: Bob buy 0.10743243534836995 PENDLE
2025-08-13 20:56:34 [main] INFO  parcial1.App - 
--- TURNO 5 ---
2025-08-13 20:56:34 [main] INFO  parcial1.App - Precios de criptomonedas fluctuados para el turno 5
2025-08-13 20:56:34 [main] INFO  parcial1.App - Creando orden aleatoria para trader: Alice
2025-08-13 20:56:34 [main] INFO  parcial1.App - Creando orden aleatoria para trader: Bob
2025-08-13 20:56:34 [main] INFO  parcial1.App - Procesando órdenes del turno 5
2025-08-13 20:56:34 [main] INFO  parcial1.model.trader - Compra realizada: 0.07139694992780794 de GRT
2025-08-13 20:56:34 [main] INFO  parcial1.service.TransactionProcessor - Transacción procesada: Alice buy 0.07139694992780794 GRT
2025-08-13 20:56:34 [main] ERROR parcial1.model.trader - Venta inválida: cantidad insuficiente en portafolio
2025-08-13 20:56:34 [main] ERROR parcial1.model.trader - Error en venta: Venta inválida: cantidad insuficiente en portafolio
java.lang.IllegalArgumentException: Venta inválida: cantidad insuficiente en portafolio
	at parcial1.model.trader.sell(trader.java:97)
	at parcial1.model.trader.sell(trader.java:50)
	at parcial1.service.TransactionProcessor.processOrder(TransactionProcessor.java:38)
	at parcial1.App.main(App.java:77)
2025-08-13 20:56:34 [main] ERROR parcial1.service.TransactionProcessor - Transacción falló: Bob sell 0.08505691413160182 USDT
2025-08-13 20:56:34 [main] INFO  parcial1.App - 
--- TURNO 6 ---
2025-08-13 20:56:34 [main] INFO  parcial1.App - Precios de criptomonedas fluctuados para el turno 6
2025-08-13 20:56:34 [main] INFO  parcial1.App - Creando orden aleatoria para trader: Alice
2025-08-13 20:56:34 [main] INFO  parcial1.App - Creando orden aleatoria para trader: Bob
2025-08-13 20:56:34 [main] INFO  parcial1.App - Procesando órdenes del turno 6
2025-08-13 20:56:34 [main] INFO  parcial1.model.trader - Compra realizada: 0.08335150306905346 de USDT
2025-08-13 20:56:34 [main] INFO  parcial1.service.TransactionProcessor - Transacción procesada: Alice buy 0.08335150306905346 USDT
2025-08-13 20:56:34 [main] INFO  parcial1.model.trader - Venta realizada: 0.08729585998477116 de PENDLE
2025-08-13 20:56:34 [main] INFO  parcial1.service.TransactionProcessor - Transacción procesada: Bob sell 0.08729585998477116 PENDLE
2025-08-13 20:56:34 [main] INFO  parcial1.App - 
--- TURNO 7 ---
2025-08-13 20:56:34 [main] INFO  parcial1.App - Precios de criptomonedas fluctuados para el turno 7
2025-08-13 20:56:34 [main] INFO  parcial1.App - Creando orden aleatoria para trader: Alice
2025-08-13 20:56:34 [main] INFO  parcial1.App - Creando orden aleatoria para trader: Bob
2025-08-13 20:56:34 [main] INFO  parcial1.App - Procesando órdenes del turno 7
2025-08-13 20:56:34 [main] INFO  parcial1.model.trader - Compra realizada: 0.012235994897734007 de QNT
2025-08-13 20:56:34 [main] INFO  parcial1.service.TransactionProcessor - Transacción procesada: Alice buy 0.012235994897734007 QNT
2025-08-13 20:56:34 [main] ERROR parcial1.model.trader - Venta inválida: cantidad insuficiente en portafolio
2025-08-13 20:56:34 [main] ERROR parcial1.model.trader - Error en venta: Venta inválida: cantidad insuficiente en portafolio
java.lang.IllegalArgumentException: Venta inválida: cantidad insuficiente en portafolio
	at parcial1.model.trader.sell(trader.java:97)
	at parcial1.model.trader.sell(trader.java:50)
	at parcial1.service.TransactionProcessor.processOrder(TransactionProcessor.java:38)
	at parcial1.App.main(App.java:77)
2025-08-13 20:56:34 [main] ERROR parcial1.service.TransactionProcessor - Transacción falló: Bob sell 0.04185684495286141 ALGO
2025-08-13 20:56:34 [main] INFO  parcial1.App - 
--- TURNO 8 ---
2025-08-13 20:56:34 [main] INFO  parcial1.App - Precios de criptomonedas fluctuados para el turno 8
2025-08-13 20:56:34 [main] INFO  parcial1.App - Creando orden aleatoria para trader: Alice
2025-08-13 20:56:34 [main] INFO  parcial1.App - Creando orden aleatoria para trader: Bob
2025-08-13 20:56:34 [main] INFO  parcial1.App - Procesando órdenes del turno 8
2025-08-13 20:56:34 [main] ERROR parcial1.model.trader - Venta inválida: cantidad insuficiente en portafolio
2025-08-13 20:56:34 [main] ERROR parcial1.model.trader - Error en venta: Venta inválida: cantidad insuficiente en portafolio
java.lang.IllegalArgumentException: Venta inválida: cantidad insuficiente en portafolio
	at parcial1.model.trader.sell(trader.java:97)
	at parcial1.model.trader.sell(trader.java:50)
	at parcial1.service.TransactionProcessor.processOrder(TransactionProcessor.java:38)
	at parcial1.App.main(App.java:77)
2025-08-13 20:56:34 [main] ERROR parcial1.service.TransactionProcessor - Transacción falló: Alice sell 0.1041887373083457 GRT
2025-08-13 20:56:34 [main] INFO  parcial1.model.trader - Compra realizada: 0.018777372007456886 de PENDLE
2025-08-13 20:56:34 [main] INFO  parcial1.service.TransactionProcessor - Transacción procesada: Bob buy 0.018777372007456886 PENDLE
2025-08-13 20:56:34 [main] INFO  parcial1.App - 
--- TURNO 9 ---
2025-08-13 20:56:34 [main] INFO  parcial1.App - Precios de criptomonedas fluctuados para el turno 9
2025-08-13 20:56:34 [main] INFO  parcial1.App - Creando orden aleatoria para trader: Alice
2025-08-13 20:56:34 [main] INFO  parcial1.App - Creando orden aleatoria para trader: Bob
2025-08-13 20:56:34 [main] INFO  parcial1.App - Procesando órdenes del turno 9
2025-08-13 20:56:34 [main] INFO  parcial1.model.trader - Compra realizada: 0.056539063733891864 de DAI
2025-08-13 20:56:34 [main] INFO  parcial1.service.TransactionProcessor - Transacción procesada: Alice buy 0.056539063733891864 DAI
2025-08-13 20:56:34 [main] INFO  parcial1.model.trader - Compra realizada: 0.07537932529324988 de FIL
2025-08-13 20:56:34 [main] INFO  parcial1.service.TransactionProcessor - Transacción procesada: Bob buy 0.07537932529324988 FIL
2025-08-13 20:56:34 [main] INFO  parcial1.App - 
--- TURNO 10 ---
2025-08-13 20:56:34 [main] INFO  parcial1.App - Precios de criptomonedas fluctuados para el turno 10
2025-08-13 20:56:34 [main] INFO  parcial1.App - Creando orden aleatoria para trader: Alice
2025-08-13 20:56:34 [main] INFO  parcial1.App - Creando orden aleatoria para trader: Bob
2025-08-13 20:56:34 [main] INFO  parcial1.App - Procesando órdenes del turno 10
2025-08-13 20:56:34 [main] ERROR parcial1.model.trader - Venta inválida: cantidad insuficiente en portafolio
2025-08-13 20:56:34 [main] ERROR parcial1.model.trader - Error en venta: Venta inválida: cantidad insuficiente en portafolio
java.lang.IllegalArgumentException: Venta inválida: cantidad insuficiente en portafolio
	at parcial1.model.trader.sell(trader.java:97)
	at parcial1.model.trader.sell(trader.java:50)
	at parcial1.service.TransactionProcessor.processOrder(TransactionProcessor.java:38)
	at parcial1.App.main(App.java:77)
2025-08-13 20:56:34 [main] ERROR parcial1.service.TransactionProcessor - Transacción falló: Alice sell 0.07049881749634275 UNI
2025-08-13 20:56:34 [main] ERROR parcial1.model.trader - Venta inválida: cantidad insuficiente en portafolio
2025-08-13 20:56:34 [main] ERROR parcial1.model.trader - Error en venta: Venta inválida: cantidad insuficiente en portafolio
java.lang.IllegalArgumentException: Venta inválida: cantidad insuficiente en portafolio
	at parcial1.model.trader.sell(trader.java:97)
	at parcial1.model.trader.sell(trader.java:50)
	at parcial1.service.TransactionProcessor.processOrder(TransactionProcessor.java:38)
	at parcial1.App.main(App.java:77)
2025-08-13 20:56:34 [main] ERROR parcial1.service.TransactionProcessor - Transacción falló: Bob sell 0.06244192168518504 LTC
2025-08-13 20:56:34 [main] INFO  parcial1.App - === FIN SIMULACIÓN ===
2025-08-13 20:56:34 [main] INFO  parcial1.App - Archivo reporte_final.json generado correctamente
2025-08-13 20:57:20 [main] INFO  parcial1.App - Iniciando simulación de mercado de criptomonedas
2025-08-13 20:57:20 [main] INFO  parcial1.App - Creando instancia de ApiCripto
2025-08-13 20:57:21 [main] INFO  parcial1.model.ApiCripto - Criptomonedas obtenidas correctamente desde la API
2025-08-13 20:57:21 [main] INFO  parcial1.App - Lista de criptomonedas obtenida. Total: 100
2025-08-13 20:57:21 [main] INFO  parcial1.App - Se seleccionaron 10 criptomonedas aleatorias para la simulación
2025-08-13 20:57:21 [main] INFO  parcial1.App - Traders creados: Alice y Bob
2025-08-13 20:57:21 [main] INFO  parcial1.App - OrderBook y TransactionProcessor inicializados
2025-08-13 20:57:21 [main] INFO  parcial1.App - === INICIANDO SIMULACIÓN ===
2025-08-13 20:57:21 [main] INFO  parcial1.App - 
--- TURNO 1 ---
2025-08-13 20:57:21 [main] INFO  parcial1.App - Precios de criptomonedas fluctuados para el turno 1
2025-08-13 20:57:21 [main] INFO  parcial1.App - Creando orden aleatoria para trader: Alice
2025-08-13 20:57:21 [main] INFO  parcial1.App - Creando orden aleatoria para trader: Bob
2025-08-13 20:57:21 [main] INFO  parcial1.App - Procesando órdenes del turno 1
2025-08-13 20:57:21 [main] INFO  parcial1.model.trader - Compra realizada: 0.028638813509064803 de HYPE
2025-08-13 20:57:21 [main] INFO  parcial1.service.TransactionProcessor - Transacción procesada: Alice buy 0.028638813509064803 HYPE
2025-08-13 20:57:21 [main] INFO  parcial1.model.trader - Compra realizada: 0.027784962139541992 de SOL
2025-08-13 20:57:21 [main] INFO  parcial1.service.TransactionProcessor - Transacción procesada: Bob buy 0.027784962139541992 SOL
2025-08-13 20:57:21 [main] INFO  parcial1.App - 
--- TURNO 2 ---
2025-08-13 20:57:21 [main] INFO  parcial1.App - Precios de criptomonedas fluctuados para el turno 2
2025-08-13 20:57:21 [main] INFO  parcial1.App - Creando orden aleatoria para trader: Alice
2025-08-13 20:57:21 [main] INFO  parcial1.App - Creando orden aleatoria para trader: Bob
2025-08-13 20:57:21 [main] INFO  parcial1.App - Procesando órdenes del turno 2
2025-08-13 20:57:21 [main] INFO  parcial1.model.trader - Compra realizada: 0.06775488108843945 de SOL
2025-08-13 20:57:21 [main] INFO  parcial1.service.TransactionProcessor - Transacción procesada: Alice buy 0.06775488108843945 SOL
2025-08-13 20:57:21 [main] ERROR parcial1.model.trader - Venta inválida: cantidad insuficiente en portafolio
2025-08-13 20:57:21 [main] ERROR parcial1.model.trader - Error en venta: Venta inválida: cantidad insuficiente en portafolio
java.lang.IllegalArgumentException: Venta inválida: cantidad insuficiente en portafolio
	at parcial1.model.trader.sell(trader.java:97)
	at parcial1.model.trader.sell(trader.java:50)
	at parcial1.service.TransactionProcessor.processOrder(TransactionProcessor.java:38)
	at parcial1.App.main(App.java:77)
2025-08-13 20:57:21 [main] ERROR parcial1.service.TransactionProcessor - Transacción falló: Bob sell 0.09570160862754244 STETH
2025-08-13 20:57:21 [main] INFO  parcial1.App - 
--- TURNO 3 ---
2025-08-13 20:57:21 [main] INFO  parcial1.App - Precios de criptomonedas fluctuados para el turno 3
2025-08-13 20:57:21 [main] INFO  parcial1.App - Creando orden aleatoria para trader: Alice
2025-08-13 20:57:21 [main] INFO  parcial1.App - Creando orden aleatoria para trader: Bob
2025-08-13 20:57:21 [main] INFO  parcial1.App - Procesando órdenes del turno 3
2025-08-13 20:57:21 [main] ERROR parcial1.model.trader - Venta inválida: cantidad insuficiente en portafolio
2025-08-13 20:57:21 [main] ERROR parcial1.model.trader - Error en venta: Venta inválida: cantidad insuficiente en portafolio
java.lang.IllegalArgumentException: Venta inválida: cantidad insuficiente en portafolio
	at parcial1.model.trader.sell(trader.java:97)
	at parcial1.model.trader.sell(trader.java:50)
	at parcial1.service.TransactionProcessor.processOrder(TransactionProcessor.java:38)
	at parcial1.App.main(App.java:77)
2025-08-13 20:57:21 [main] ERROR parcial1.service.TransactionProcessor - Transacción falló: Alice sell 0.028577272283213877 XLM
2025-08-13 20:57:21 [main] ERROR parcial1.model.trader - Venta inválida: cantidad insuficiente en portafolio
2025-08-13 20:57:21 [main] ERROR parcial1.model.trader - Error en venta: Venta inválida: cantidad insuficiente en portafolio
java.lang.IllegalArgumentException: Venta inválida: cantidad insuficiente en portafolio
	at parcial1.model.trader.sell(trader.java:97)
	at parcial1.model.trader.sell(trader.java:50)
	at parcial1.service.TransactionProcessor.processOrder(TransactionProcessor.java:38)
	at parcial1.App.main(App.java:77)
2025-08-13 20:57:21 [main] ERROR parcial1.service.TransactionProcessor - Transacción falló: Bob sell 0.056366265034726575 DAI
2025-08-13 20:57:21 [main] INFO  parcial1.App - 
--- TURNO 4 ---
2025-08-13 20:57:21 [main] INFO  parcial1.App - Precios de criptomonedas fluctuados para el turno 4
2025-08-13 20:57:21 [main] INFO  parcial1.App - Creando orden aleatoria para trader: Alice
2025-08-13 20:57:21 [main] INFO  parcial1.App - Creando orden aleatoria para trader: Bob
2025-08-13 20:57:21 [main] INFO  parcial1.App - Procesando órdenes del turno 4
2025-08-13 20:57:21 [main] ERROR parcial1.model.trader - Venta inválida: cantidad insuficiente en portafolio
2025-08-13 20:57:21 [main] ERROR parcial1.model.trader - Error en venta: Venta inválida: cantidad insuficiente en portafolio
java.lang.IllegalArgumentException: Venta inválida: cantidad insuficiente en portafolio
	at parcial1.model.trader.sell(trader.java:97)
	at parcial1.model.trader.sell(trader.java:50)
	at parcial1.service.TransactionProcessor.processOrder(TransactionProcessor.java:38)
	at parcial1.App.main(App.java:77)
2025-08-13 20:57:21 [main] ERROR parcial1.service.TransactionProcessor - Transacción falló: Alice sell 0.010387443747716265 PEPE
2025-08-13 20:57:21 [main] INFO  parcial1.model.trader - Compra realizada: 0.06252904325007165 de HYPE
2025-08-13 20:57:21 [main] INFO  parcial1.service.TransactionProcessor - Transacción procesada: Bob buy 0.06252904325007165 HYPE
2025-08-13 20:57:21 [main] INFO  parcial1.App - 
--- TURNO 5 ---
2025-08-13 20:57:21 [main] INFO  parcial1.App - Precios de criptomonedas fluctuados para el turno 5
2025-08-13 20:57:21 [main] INFO  parcial1.App - Creando orden aleatoria para trader: Alice
2025-08-13 20:57:21 [main] INFO  parcial1.App - Creando orden aleatoria para trader: Bob
2025-08-13 20:57:21 [main] INFO  parcial1.App - Procesando órdenes del turno 5
2025-08-13 20:57:21 [main] INFO  parcial1.model.trader - Compra realizada: 0.07949243016563898 de HYPE
2025-08-13 20:57:21 [main] INFO  parcial1.service.TransactionProcessor - Transacción procesada: Alice buy 0.07949243016563898 HYPE
2025-08-13 20:57:21 [main] INFO  parcial1.model.trader - Compra realizada: 0.08249791210152457 de HYPE
2025-08-13 20:57:21 [main] INFO  parcial1.service.TransactionProcessor - Transacción procesada: Bob buy 0.08249791210152457 HYPE
2025-08-13 20:57:21 [main] INFO  parcial1.App - 
--- TURNO 6 ---
2025-08-13 20:57:21 [main] INFO  parcial1.App - Precios de criptomonedas fluctuados para el turno 6
2025-08-13 20:57:21 [main] INFO  parcial1.App - Creando orden aleatoria para trader: Alice
2025-08-13 20:57:21 [main] INFO  parcial1.App - Creando orden aleatoria para trader: Bob
2025-08-13 20:57:21 [main] INFO  parcial1.App - Procesando órdenes del turno 6
2025-08-13 20:57:21 [main] ERROR parcial1.model.trader - Venta inválida: cantidad insuficiente en portafolio
2025-08-13 20:57:21 [main] ERROR parcial1.model.trader - Error en venta: Venta inválida: cantidad insuficiente en portafolio
java.lang.IllegalArgumentException: Venta inválida: cantidad insuficiente en portafolio
	at parcial1.model.trader.sell(trader.java:97)
	at parcial1.model.trader.sell(trader.java:50)
	at parcial1.service.TransactionProcessor.processOrder(TransactionProcessor.java:38)
	at parcial1.App.main(App.java:77)
2025-08-13 20:57:21 [main] ERROR parcial1.service.TransactionProcessor - Transacción falló: Alice sell 0.02134475242699936 MNT
2025-08-13 20:57:21 [main] ERROR parcial1.model.trader - Venta inválida: cantidad insuficiente en portafolio
2025-08-13 20:57:21 [main] ERROR parcial1.model.trader - Error en venta: Venta inválida: cantidad insuficiente en portafolio
java.lang.IllegalArgumentException: Venta inválida: cantidad insuficiente en portafolio
	at parcial1.model.trader.sell(trader.java:97)
	at parcial1.model.trader.sell(trader.java:50)
	at parcial1.service.TransactionProcessor.processOrder(TransactionProcessor.java:38)
	at parcial1.App.main(App.java:77)
2025-08-13 20:57:21 [main] ERROR parcial1.service.TransactionProcessor - Transacción falló: Bob sell 0.05898834123116718 SUI
2025-08-13 20:57:21 [main] INFO  parcial1.App - 
--- TURNO 7 ---
2025-08-13 20:57:21 [main] INFO  parcial1.App - Precios de criptomonedas fluctuados para el turno 7
2025-08-13 20:57:21 [main] INFO  parcial1.App - Creando orden aleatoria para trader: Alice
2025-08-13 20:57:21 [main] INFO  parcial1.App - Creando orden aleatoria para trader: Bob
2025-08-13 20:57:21 [main] INFO  parcial1.App - Procesando órdenes del turno 7
2025-08-13 20:57:21 [main] INFO  parcial1.model.trader - Compra realizada: 0.10008954316251406 de SOL
2025-08-13 20:57:21 [main] INFO  parcial1.service.TransactionProcessor - Transacción procesada: Alice buy 0.10008954316251406 SOL
2025-08-13 20:57:21 [main] ERROR parcial1.model.trader - Venta inválida: cantidad insuficiente en portafolio
2025-08-13 20:57:21 [main] ERROR parcial1.model.trader - Error en venta: Venta inválida: cantidad insuficiente en portafolio
java.lang.IllegalArgumentException: Venta inválida: cantidad insuficiente en portafolio
	at parcial1.model.trader.sell(trader.java:97)
	at parcial1.model.trader.sell(trader.java:50)
	at parcial1.service.TransactionProcessor.processOrder(TransactionProcessor.java:38)
	at parcial1.App.main(App.java:77)
2025-08-13 20:57:21 [main] ERROR parcial1.service.TransactionProcessor - Transacción falló: Bob sell 0.0514538812185799 SUI
2025-08-13 20:57:21 [main] INFO  parcial1.App - 
--- TURNO 8 ---
2025-08-13 20:57:21 [main] INFO  parcial1.App - Precios de criptomonedas fluctuados para el turno 8
2025-08-13 20:57:21 [main] INFO  parcial1.App - Creando orden aleatoria para trader: Alice
2025-08-13 20:57:21 [main] INFO  parcial1.App - Creando orden aleatoria para trader: Bob
2025-08-13 20:57:21 [main] INFO  parcial1.App - Procesando órdenes del turno 8
2025-08-13 20:57:21 [main] ERROR parcial1.model.trader - Venta inválida: cantidad insuficiente en portafolio
2025-08-13 20:57:21 [main] ERROR parcial1.model.trader - Error en venta: Venta inválida: cantidad insuficiente en portafolio
java.lang.IllegalArgumentException: Venta inválida: cantidad insuficiente en portafolio
	at parcial1.model.trader.sell(trader.java:97)
	at parcial1.model.trader.sell(trader.java:50)
	at parcial1.service.TransactionProcessor.processOrder(TransactionProcessor.java:38)
	at parcial1.App.main(App.java:77)
2025-08-13 20:57:21 [main] ERROR parcial1.service.TransactionProcessor - Transacción falló: Alice sell 0.07206640826616839 SUI
2025-08-13 20:57:21 [main] INFO  parcial1.model.trader - Compra realizada: 0.10919542220943022 de SUI
2025-08-13 20:57:21 [main] INFO  parcial1.service.TransactionProcessor - Transacción procesada: Bob buy 0.10919542220943022 SUI
2025-08-13 20:57:21 [main] INFO  parcial1.App - 
--- TURNO 9 ---
2025-08-13 20:57:21 [main] INFO  parcial1.App - Precios de criptomonedas fluctuados para el turno 9
2025-08-13 20:57:21 [main] INFO  parcial1.App - Creando orden aleatoria para trader: Alice
2025-08-13 20:57:21 [main] INFO  parcial1.App - Creando orden aleatoria para trader: Bob
2025-08-13 20:57:21 [main] INFO  parcial1.App - Procesando órdenes del turno 9
2025-08-13 20:57:21 [main] INFO  parcial1.model.trader - Compra realizada: 0.025881940609443835 de SOL
2025-08-13 20:57:21 [main] INFO  parcial1.service.TransactionProcessor - Transacción procesada: Alice buy 0.025881940609443835 SOL
2025-08-13 20:57:21 [main] INFO  parcial1.model.trader - Compra realizada: 0.03431025392527677 de SOL
2025-08-13 20:57:21 [main] INFO  parcial1.service.TransactionProcessor - Transacción procesada: Bob buy 0.03431025392527677 SOL
2025-08-13 20:57:21 [main] INFO  parcial1.App - 
--- TURNO 10 ---
2025-08-13 20:57:21 [main] INFO  parcial1.App - Precios de criptomonedas fluctuados para el turno 10
2025-08-13 20:57:21 [main] INFO  parcial1.App - Creando orden aleatoria para trader: Alice
2025-08-13 20:57:21 [main] INFO  parcial1.App - Creando orden aleatoria para trader: Bob
2025-08-13 20:57:21 [main] INFO  parcial1.App - Procesando órdenes del turno 10
2025-08-13 20:57:21 [main] ERROR parcial1.model.trader - Venta inválida: cantidad insuficiente en portafolio
2025-08-13 20:57:21 [main] ERROR parcial1.model.trader - Error en venta: Venta inválida: cantidad insuficiente en portafolio
java.lang.IllegalArgumentException: Venta inválida: cantidad insuficiente en portafolio
	at parcial1.model.trader.sell(trader.java:97)
	at parcial1.model.trader.sell(trader.java:50)
	at parcial1.service.TransactionProcessor.processOrder(TransactionProcessor.java:38)
	at parcial1.App.main(App.java:77)
2025-08-13 20:57:21 [main] ERROR parcial1.service.TransactionProcessor - Transacción falló: Alice sell 0.06867381303467639 DAI
2025-08-13 20:57:21 [main] INFO  parcial1.model.trader - Compra realizada: 0.05620264698762322 de STETH
2025-08-13 20:57:21 [main] INFO  parcial1.service.TransactionProcessor - Transacción procesada: Bob buy 0.05620264698762322 STETH
2025-08-13 20:57:21 [main] INFO  parcial1.App - === FIN SIMULACIÓN ===
2025-08-13 20:57:21 [main] INFO  parcial1.App - Archivo reporte_final.json generado correctamente
2025-08-13 22:12:55 [main] INFO  parcial1.App - Iniciando simulación de mercado de criptomonedas
2025-08-13 22:12:55 [main] INFO  parcial1.App - Creando instancia de ApiCripto
2025-08-13 22:12:56 [main] INFO  parcial1.model.ApiCripto - Criptomonedas obtenidas correctamente desde la API
2025-08-13 22:12:56 [main] INFO  parcial1.App - Lista de criptomonedas obtenida. Total: 100
2025-08-13 22:12:56 [main] INFO  parcial1.App - Se seleccionaron 10 criptomonedas aleatorias para la simulación
2025-08-13 22:12:56 [main] INFO  parcial1.App - Traders creados: Alice y Bob
2025-08-13 22:12:56 [main] INFO  parcial1.App - OrderBook y TransactionProcessor inicializados
2025-08-13 22:12:56 [main] INFO  parcial1.App - === INICIANDO SIMULACIÓN ===
2025-08-13 22:12:56 [main] INFO  parcial1.App - 
--- TURNO 1 ---
2025-08-13 22:12:56 [main] INFO  parcial1.App - Precios de criptomonedas fluctuados para el turno 1
2025-08-13 22:12:56 [main] INFO  parcial1.App - Creando orden aleatoria para trader: Alice
2025-08-13 22:12:56 [main] INFO  parcial1.App - Creando orden aleatoria para trader: Bob
2025-08-13 22:12:56 [main] INFO  parcial1.App - Procesando órdenes del turno 1
2025-08-13 22:12:56 [main] INFO  parcial1.model.trader - Compra realizada: 0.03432233058255682 de JASMY
2025-08-13 22:12:56 [main] INFO  parcial1.service.TransactionProcessor - Transacción procesada: Alice buy 0.03432233058255682 JASMY
2025-08-13 22:12:56 [main] INFO  parcial1.model.trader - Compra realizada: 0.027044362202506306 de JASMY
2025-08-13 22:12:56 [main] INFO  parcial1.service.TransactionProcessor - Transacción procesada: Bob buy 0.027044362202506306 JASMY
2025-08-13 22:12:56 [main] INFO  parcial1.App - 
--- TURNO 2 ---
2025-08-13 22:12:56 [main] INFO  parcial1.App - Precios de criptomonedas fluctuados para el turno 2
2025-08-13 22:12:56 [main] INFO  parcial1.App - Creando orden aleatoria para trader: Alice
2025-08-13 22:12:56 [main] INFO  parcial1.App - Creando orden aleatoria para trader: Bob
2025-08-13 22:12:56 [main] INFO  parcial1.App - Procesando órdenes del turno 2
2025-08-13 22:12:56 [main] INFO  parcial1.model.trader - Compra realizada: 0.03799975772397016 de KAS
2025-08-13 22:12:56 [main] INFO  parcial1.service.TransactionProcessor - Transacción procesada: Alice buy 0.03799975772397016 KAS
2025-08-13 22:12:56 [main] ERROR parcial1.model.trader - Venta inválida: cantidad insuficiente en portafolio
2025-08-13 22:12:56 [main] ERROR parcial1.model.trader - Error en venta: Venta inválida: cantidad insuficiente en portafolio
java.lang.IllegalArgumentException: Venta inválida: cantidad insuficiente en portafolio
	at parcial1.model.trader.sell(trader.java:97)
	at parcial1.model.trader.sell(trader.java:50)
	at parcial1.service.TransactionProcessor.processOrder(TransactionProcessor.java:38)
	at parcial1.App.main(App.java:76)
2025-08-13 22:12:56 [main] ERROR parcial1.service.TransactionProcessor - Transacción falló: Bob sell 0.07718763060152625 WLD
2025-08-13 22:12:56 [main] INFO  parcial1.App - 
--- TURNO 3 ---
2025-08-13 22:12:56 [main] INFO  parcial1.App - Precios de criptomonedas fluctuados para el turno 3
2025-08-13 22:12:56 [main] INFO  parcial1.App - Creando orden aleatoria para trader: Alice
2025-08-13 22:12:56 [main] INFO  parcial1.App - Creando orden aleatoria para trader: Bob
2025-08-13 22:12:56 [main] INFO  parcial1.App - Procesando órdenes del turno 3
2025-08-13 22:12:56 [main] ERROR parcial1.model.trader - Venta inválida: cantidad insuficiente en portafolio
2025-08-13 22:12:56 [main] ERROR parcial1.model.trader - Error en venta: Venta inválida: cantidad insuficiente en portafolio
java.lang.IllegalArgumentException: Venta inválida: cantidad insuficiente en portafolio
	at parcial1.model.trader.sell(trader.java:97)
	at parcial1.model.trader.sell(trader.java:50)
	at parcial1.service.TransactionProcessor.processOrder(TransactionProcessor.java:38)
	at parcial1.App.main(App.java:76)
2025-08-13 22:12:56 [main] ERROR parcial1.service.TransactionProcessor - Transacción falló: Alice sell 0.038193148788060086 MNT
2025-08-13 22:12:56 [main] ERROR parcial1.model.trader - Venta inválida: cantidad insuficiente en portafolio
2025-08-13 22:12:56 [main] ERROR parcial1.model.trader - Error en venta: Venta inválida: cantidad insuficiente en portafolio
java.lang.IllegalArgumentException: Venta inválida: cantidad insuficiente en portafolio
	at parcial1.model.trader.sell(trader.java:97)
	at parcial1.model.trader.sell(trader.java:50)
	at parcial1.service.TransactionProcessor.processOrder(TransactionProcessor.java:38)
	at parcial1.App.main(App.java:76)
2025-08-13 22:12:56 [main] ERROR parcial1.service.TransactionProcessor - Transacción falló: Bob sell 0.022381672325753048 MIOTA
2025-08-13 22:12:56 [main] INFO  parcial1.App - 
--- TURNO 4 ---
2025-08-13 22:12:56 [main] INFO  parcial1.App - Precios de criptomonedas fluctuados para el turno 4
2025-08-13 22:12:56 [main] INFO  parcial1.App - Creando orden aleatoria para trader: Alice
2025-08-13 22:12:56 [main] INFO  parcial1.App - Creando orden aleatoria para trader: Bob
2025-08-13 22:12:56 [main] INFO  parcial1.App - Procesando órdenes del turno 4
2025-08-13 22:12:56 [main] INFO  parcial1.model.trader - Compra realizada: 0.06462855421356405 de SUI
2025-08-13 22:12:56 [main] INFO  parcial1.service.TransactionProcessor - Transacción procesada: Alice buy 0.06462855421356405 SUI
2025-08-13 22:12:56 [main] INFO  parcial1.model.trader - Compra realizada: 0.09426222661513887 de MIOTA
2025-08-13 22:12:56 [main] INFO  parcial1.service.TransactionProcessor - Transacción procesada: Bob buy 0.09426222661513887 MIOTA
2025-08-13 22:12:56 [main] INFO  parcial1.App - 
--- TURNO 5 ---
2025-08-13 22:12:56 [main] INFO  parcial1.App - Precios de criptomonedas fluctuados para el turno 5
2025-08-13 22:12:56 [main] INFO  parcial1.App - Creando orden aleatoria para trader: Alice
2025-08-13 22:12:56 [main] INFO  parcial1.App - Creando orden aleatoria para trader: Bob
2025-08-13 22:12:56 [main] INFO  parcial1.App - Procesando órdenes del turno 5
2025-08-13 22:12:56 [main] INFO  parcial1.model.trader - Compra realizada: 0.0496176980169407 de MIOTA
2025-08-13 22:12:56 [main] INFO  parcial1.service.TransactionProcessor - Transacción procesada: Alice buy 0.0496176980169407 MIOTA
2025-08-13 22:12:56 [main] ERROR parcial1.model.trader - Venta inválida: cantidad insuficiente en portafolio
2025-08-13 22:12:56 [main] ERROR parcial1.model.trader - Error en venta: Venta inválida: cantidad insuficiente en portafolio
java.lang.IllegalArgumentException: Venta inválida: cantidad insuficiente en portafolio
	at parcial1.model.trader.sell(trader.java:97)
	at parcial1.model.trader.sell(trader.java:50)
	at parcial1.service.TransactionProcessor.processOrder(TransactionProcessor.java:38)
	at parcial1.App.main(App.java:76)
2025-08-13 22:12:56 [main] ERROR parcial1.service.TransactionProcessor - Transacción falló: Bob sell 0.01891708365647833 IP
2025-08-13 22:12:56 [main] INFO  parcial1.App - 
--- TURNO 6 ---
2025-08-13 22:12:56 [main] INFO  parcial1.App - Precios de criptomonedas fluctuados para el turno 6
2025-08-13 22:12:56 [main] INFO  parcial1.App - Creando orden aleatoria para trader: Alice
2025-08-13 22:12:56 [main] INFO  parcial1.App - Creando orden aleatoria para trader: Bob
2025-08-13 22:12:56 [main] INFO  parcial1.App - Procesando órdenes del turno 6
2025-08-13 22:12:56 [main] INFO  parcial1.model.trader - Compra realizada: 0.05662871615381101 de LEO
2025-08-13 22:12:56 [main] INFO  parcial1.service.TransactionProcessor - Transacción procesada: Alice buy 0.05662871615381101 LEO
2025-08-13 22:12:56 [main] ERROR parcial1.model.trader - Venta inválida: cantidad insuficiente en portafolio
2025-08-13 22:12:56 [main] ERROR parcial1.model.trader - Error en venta: Venta inválida: cantidad insuficiente en portafolio
java.lang.IllegalArgumentException: Venta inválida: cantidad insuficiente en portafolio
	at parcial1.model.trader.sell(trader.java:97)
	at parcial1.model.trader.sell(trader.java:50)
	at parcial1.service.TransactionProcessor.processOrder(TransactionProcessor.java:38)
	at parcial1.App.main(App.java:76)
2025-08-13 22:12:56 [main] ERROR parcial1.service.TransactionProcessor - Transacción falló: Bob sell 0.08279022153808918 PAXG
2025-08-13 22:12:56 [main] INFO  parcial1.App - 
--- TURNO 7 ---
2025-08-13 22:12:56 [main] INFO  parcial1.App - Precios de criptomonedas fluctuados para el turno 7
2025-08-13 22:12:56 [main] INFO  parcial1.App - Creando orden aleatoria para trader: Alice
2025-08-13 22:12:56 [main] INFO  parcial1.App - Creando orden aleatoria para trader: Bob
2025-08-13 22:12:56 [main] INFO  parcial1.App - Procesando órdenes del turno 7
2025-08-13 22:12:56 [main] INFO  parcial1.model.trader - Compra realizada: 0.07844538478593552 de KAS
2025-08-13 22:12:56 [main] INFO  parcial1.service.TransactionProcessor - Transacción procesada: Alice buy 0.07844538478593552 KAS
2025-08-13 22:12:56 [main] INFO  parcial1.model.trader - Compra realizada: 0.10452230839856534 de MIOTA
2025-08-13 22:12:56 [main] INFO  parcial1.service.TransactionProcessor - Transacción procesada: Bob buy 0.10452230839856534 MIOTA
2025-08-13 22:12:56 [main] INFO  parcial1.App - 
--- TURNO 8 ---
2025-08-13 22:12:56 [main] INFO  parcial1.App - Precios de criptomonedas fluctuados para el turno 8
2025-08-13 22:12:56 [main] INFO  parcial1.App - Creando orden aleatoria para trader: Alice
2025-08-13 22:12:56 [main] INFO  parcial1.App - Creando orden aleatoria para trader: Bob
2025-08-13 22:12:56 [main] INFO  parcial1.App - Procesando órdenes del turno 8
2025-08-13 22:12:56 [main] ERROR parcial1.model.trader - Venta inválida: cantidad insuficiente en portafolio
2025-08-13 22:12:56 [main] ERROR parcial1.model.trader - Error en venta: Venta inválida: cantidad insuficiente en portafolio
java.lang.IllegalArgumentException: Venta inválida: cantidad insuficiente en portafolio
	at parcial1.model.trader.sell(trader.java:97)
	at parcial1.model.trader.sell(trader.java:50)
	at parcial1.service.TransactionProcessor.processOrder(TransactionProcessor.java:38)
	at parcial1.App.main(App.java:76)
2025-08-13 22:12:56 [main] ERROR parcial1.service.TransactionProcessor - Transacción falló: Alice sell 0.089855840283668 PAXG
2025-08-13 22:12:56 [main] INFO  parcial1.model.trader - Compra realizada: 0.07765325164715553 de PAXG
2025-08-13 22:12:56 [main] INFO  parcial1.service.TransactionProcessor - Transacción procesada: Bob buy 0.07765325164715553 PAXG
2025-08-13 22:12:56 [main] INFO  parcial1.App - 
--- TURNO 9 ---
2025-08-13 22:12:56 [main] INFO  parcial1.App - Precios de criptomonedas fluctuados para el turno 9
2025-08-13 22:12:56 [main] INFO  parcial1.App - Creando orden aleatoria para trader: Alice
2025-08-13 22:12:56 [main] INFO  parcial1.App - Creando orden aleatoria para trader: Bob
2025-08-13 22:12:56 [main] INFO  parcial1.App - Procesando órdenes del turno 9
2025-08-13 22:12:56 [main] ERROR parcial1.model.trader - Venta inválida: cantidad insuficiente en portafolio
2025-08-13 22:12:56 [main] ERROR parcial1.model.trader - Error en venta: Venta inválida: cantidad insuficiente en portafolio
java.lang.IllegalArgumentException: Venta inválida: cantidad insuficiente en portafolio
	at parcial1.model.trader.sell(trader.java:97)
	at parcial1.model.trader.sell(trader.java:50)
	at parcial1.service.TransactionProcessor.processOrder(TransactionProcessor.java:38)
	at parcial1.App.main(App.java:76)
2025-08-13 22:12:56 [main] ERROR parcial1.service.TransactionProcessor - Transacción falló: Alice sell 0.028653360412296713 WLD
2025-08-13 22:12:56 [main] ERROR parcial1.model.trader - Venta inválida: cantidad insuficiente en portafolio
2025-08-13 22:12:56 [main] ERROR parcial1.model.trader - Error en venta: Venta inválida: cantidad insuficiente en portafolio
java.lang.IllegalArgumentException: Venta inválida: cantidad insuficiente en portafolio
	at parcial1.model.trader.sell(trader.java:97)
	at parcial1.model.trader.sell(trader.java:50)
	at parcial1.service.TransactionProcessor.processOrder(TransactionProcessor.java:38)
	at parcial1.App.main(App.java:76)
2025-08-13 22:12:56 [main] ERROR parcial1.service.TransactionProcessor - Transacción falló: Bob sell 0.08783805921113003 KAS
2025-08-13 22:12:56 [main] INFO  parcial1.App - 
--- TURNO 10 ---
2025-08-13 22:12:56 [main] INFO  parcial1.App - Precios de criptomonedas fluctuados para el turno 10
2025-08-13 22:12:56 [main] INFO  parcial1.App - Creando orden aleatoria para trader: Alice
2025-08-13 22:12:56 [main] INFO  parcial1.App - Creando orden aleatoria para trader: Bob
2025-08-13 22:12:56 [main] INFO  parcial1.App - Procesando órdenes del turno 10
2025-08-13 22:12:56 [main] INFO  parcial1.model.trader - Venta realizada: 0.03717186862794848 de SUI
2025-08-13 22:12:56 [main] INFO  parcial1.service.TransactionProcessor - Transacción procesada: Alice sell 0.03717186862794848 SUI
2025-08-13 22:12:56 [main] INFO  parcial1.model.trader - Venta realizada: 0.06293813434609967 de MIOTA
2025-08-13 22:12:56 [main] INFO  parcial1.service.TransactionProcessor - Transacción procesada: Bob sell 0.06293813434609967 MIOTA
2025-08-13 22:12:56 [main] INFO  parcial1.App - === FIN SIMULACIÓN ===
2025-08-13 22:12:56 [main] INFO  parcial1.App - Archivo reporte_final.json generado correctamente
2025-08-13 22:18:49 [main] INFO  parcial1.App - Iniciando simulación de mercado de criptomonedas
2025-08-13 22:18:49 [main] INFO  parcial1.App - Creando instancia de ApiCripto
2025-08-13 22:18:49 [main] INFO  parcial1.model.ApiCripto - Criptomonedas obtenidas correctamente desde la API
2025-08-13 22:18:49 [main] INFO  parcial1.App - Lista de criptomonedas obtenida. Total: 100
2025-08-13 22:18:49 [main] INFO  parcial1.App - Se seleccionaron 10 criptomonedas aleatorias para la simulación
2025-08-13 22:18:49 [main] INFO  parcial1.App - Traders creados: Alice y Bob
2025-08-13 22:18:49 [main] INFO  parcial1.App - OrderBook y TransactionProcessor inicializados
2025-08-13 22:18:49 [main] INFO  parcial1.App - === INICIANDO SIMULACIÓN ===
2025-08-13 22:18:49 [main] INFO  parcial1.App - 
--- TURNO 1 ---
2025-08-13 22:18:49 [main] INFO  parcial1.App - Precios de criptomonedas fluctuados para el turno 1
2025-08-13 22:18:49 [main] INFO  parcial1.App - Creando orden aleatoria para trader: Alice
2025-08-13 22:18:50 [main] INFO  parcial1.App - Creando orden aleatoria para trader: Bob
2025-08-13 22:18:50 [main] INFO  parcial1.App - Procesando órdenes del turno 1
2025-08-13 22:18:50 [main] ERROR parcial1.model.trader - Venta inválida: cantidad insuficiente en portafolio
2025-08-13 22:18:50 [main] ERROR parcial1.model.trader - Error en venta: Venta inválida: cantidad insuficiente en portafolio
java.lang.IllegalArgumentException: Venta inválida: cantidad insuficiente en portafolio
	at parcial1.model.trader.sell(trader.java:97)
	at parcial1.model.trader.sell(trader.java:50)
	at parcial1.service.TransactionProcessor.processOrder(TransactionProcessor.java:38)
	at parcial1.App.main(App.java:120)
2025-08-13 22:18:50 [main] ERROR parcial1.service.TransactionProcessor - Transacción falló: Alice sell 0.0556715658998724 NEAR
2025-08-13 22:18:50 [main] INFO  parcial1.model.trader - Compra realizada: 0.09282278356288225 de WETH
2025-08-13 22:18:50 [main] INFO  parcial1.service.TransactionProcessor - Transacción procesada: Bob buy 0.09282278356288225 WETH
2025-08-13 22:18:50 [main] INFO  parcial1.App - 
--- TURNO 2 ---
2025-08-13 22:18:50 [main] INFO  parcial1.App - Precios de criptomonedas fluctuados para el turno 2
2025-08-13 22:18:50 [main] INFO  parcial1.App - Creando orden aleatoria para trader: Alice
2025-08-13 22:18:50 [main] INFO  parcial1.App - Creando orden aleatoria para trader: Bob
2025-08-13 22:18:50 [main] INFO  parcial1.App - Procesando órdenes del turno 2
2025-08-13 22:18:50 [main] ERROR parcial1.model.trader - Venta inválida: cantidad insuficiente en portafolio
2025-08-13 22:18:50 [main] ERROR parcial1.model.trader - Error en venta: Venta inválida: cantidad insuficiente en portafolio
java.lang.IllegalArgumentException: Venta inválida: cantidad insuficiente en portafolio
	at parcial1.model.trader.sell(trader.java:97)
	at parcial1.model.trader.sell(trader.java:50)
	at parcial1.service.TransactionProcessor.processOrder(TransactionProcessor.java:38)
	at parcial1.App.main(App.java:120)
2025-08-13 22:18:50 [main] ERROR parcial1.service.TransactionProcessor - Transacción falló: Alice sell 0.08192861173388769 ETH
2025-08-13 22:18:50 [main] INFO  parcial1.model.trader - Venta realizada: 0.0626328290040788 de WETH
2025-08-13 22:18:50 [main] INFO  parcial1.service.TransactionProcessor - Transacción procesada: Bob sell 0.0626328290040788 WETH
2025-08-13 22:18:50 [main] INFO  parcial1.App - 
--- TURNO 3 ---
2025-08-13 22:18:50 [main] INFO  parcial1.App - Precios de criptomonedas fluctuados para el turno 3
2025-08-13 22:18:50 [main] INFO  parcial1.App - Creando orden aleatoria para trader: Alice
2025-08-13 22:18:50 [main] INFO  parcial1.App - Creando orden aleatoria para trader: Bob
2025-08-13 22:18:50 [main] INFO  parcial1.App - Procesando órdenes del turno 3
2025-08-13 22:18:50 [main] ERROR parcial1.model.trader - Venta inválida: cantidad insuficiente en portafolio
2025-08-13 22:18:50 [main] ERROR parcial1.model.trader - Error en venta: Venta inválida: cantidad insuficiente en portafolio
java.lang.IllegalArgumentException: Venta inválida: cantidad insuficiente en portafolio
	at parcial1.model.trader.sell(trader.java:97)
	at parcial1.model.trader.sell(trader.java:50)
	at parcial1.service.TransactionProcessor.processOrder(TransactionProcessor.java:38)
	at parcial1.App.main(App.java:120)
2025-08-13 22:18:50 [main] ERROR parcial1.service.TransactionProcessor - Transacción falló: Alice sell 0.029689853562330455 METH
2025-08-13 22:18:50 [main] INFO  parcial1.model.trader - Compra realizada: 0.04025097392543928 de WIF
2025-08-13 22:18:50 [main] INFO  parcial1.service.TransactionProcessor - Transacción procesada: Bob buy 0.04025097392543928 WIF
2025-08-13 22:18:50 [main] INFO  parcial1.App - 
--- TURNO 4 ---
2025-08-13 22:18:50 [main] INFO  parcial1.App - Precios de criptomonedas fluctuados para el turno 4
2025-08-13 22:18:50 [main] INFO  parcial1.App - Creando orden aleatoria para trader: Alice
2025-08-13 22:18:50 [main] INFO  parcial1.App - Creando orden aleatoria para trader: Bob
2025-08-13 22:18:50 [main] INFO  parcial1.App - Procesando órdenes del turno 4
2025-08-13 22:18:50 [main] INFO  parcial1.model.trader - Compra realizada: 0.10023161340787866 de METH
2025-08-13 22:18:50 [main] INFO  parcial1.service.TransactionProcessor - Transacción procesada: Alice buy 0.10023161340787866 METH
2025-08-13 22:18:50 [main] INFO  parcial1.model.trader - Compra realizada: 0.09915856101576258 de WIF
2025-08-13 22:18:50 [main] INFO  parcial1.service.TransactionProcessor - Transacción procesada: Bob buy 0.09915856101576258 WIF
2025-08-13 22:18:50 [main] INFO  parcial1.App - 
--- TURNO 5 ---
2025-08-13 22:18:50 [main] INFO  parcial1.App - Precios de criptomonedas fluctuados para el turno 5
2025-08-13 22:18:50 [main] INFO  parcial1.App - Creando orden aleatoria para trader: Alice
2025-08-13 22:18:50 [main] INFO  parcial1.App - Creando orden aleatoria para trader: Bob
2025-08-13 22:18:50 [main] INFO  parcial1.App - Procesando órdenes del turno 5
2025-08-13 22:18:50 [main] INFO  parcial1.model.trader - Compra realizada: 0.03688768479511815 de NEAR
2025-08-13 22:18:50 [main] INFO  parcial1.service.TransactionProcessor - Transacción procesada: Alice buy 0.03688768479511815 NEAR
2025-08-13 22:18:50 [main] ERROR parcial1.model.trader - Venta inválida: cantidad insuficiente en portafolio
2025-08-13 22:18:50 [main] ERROR parcial1.model.trader - Error en venta: Venta inválida: cantidad insuficiente en portafolio
java.lang.IllegalArgumentException: Venta inválida: cantidad insuficiente en portafolio
	at parcial1.model.trader.sell(trader.java:97)
	at parcial1.model.trader.sell(trader.java:50)
	at parcial1.service.TransactionProcessor.processOrder(TransactionProcessor.java:38)
	at parcial1.App.main(App.java:120)
2025-08-13 22:18:50 [main] ERROR parcial1.service.TransactionProcessor - Transacción falló: Bob sell 0.04139041025498925 ETH
2025-08-13 22:18:50 [main] INFO  parcial1.App - 
--- TURNO 6 ---
2025-08-13 22:18:50 [main] INFO  parcial1.App - Precios de criptomonedas fluctuados para el turno 6
2025-08-13 22:18:50 [main] INFO  parcial1.App - Creando orden aleatoria para trader: Alice
2025-08-13 22:18:50 [main] INFO  parcial1.App - Creando orden aleatoria para trader: Bob
2025-08-13 22:18:50 [main] INFO  parcial1.App - Procesando órdenes del turno 6
2025-08-13 22:18:50 [main] INFO  parcial1.model.trader - Compra realizada: 0.07621221483076494 de JITOSOL
2025-08-13 22:18:50 [main] INFO  parcial1.service.TransactionProcessor - Transacción procesada: Alice buy 0.07621221483076494 JITOSOL
2025-08-13 22:18:50 [main] INFO  parcial1.model.trader - Venta realizada: 0.10908302977624855 de WIF
2025-08-13 22:18:50 [main] INFO  parcial1.service.TransactionProcessor - Transacción procesada: Bob sell 0.10908302977624855 WIF
2025-08-13 22:18:50 [main] INFO  parcial1.App - 
--- TURNO 7 ---
2025-08-13 22:18:50 [main] INFO  parcial1.App - Precios de criptomonedas fluctuados para el turno 7
2025-08-13 22:18:50 [main] INFO  parcial1.App - Creando orden aleatoria para trader: Alice
2025-08-13 22:18:50 [main] INFO  parcial1.App - Creando orden aleatoria para trader: Bob
2025-08-13 22:18:50 [main] INFO  parcial1.App - Procesando órdenes del turno 7
2025-08-13 22:18:50 [main] INFO  parcial1.model.trader - Compra realizada: 0.07441478741838688 de AERO
2025-08-13 22:18:50 [main] INFO  parcial1.service.TransactionProcessor - Transacción procesada: Alice buy 0.07441478741838688 AERO
2025-08-13 22:18:50 [main] ERROR parcial1.model.trader - Venta inválida: cantidad insuficiente en portafolio
2025-08-13 22:18:50 [main] ERROR parcial1.model.trader - Error en venta: Venta inválida: cantidad insuficiente en portafolio
java.lang.IllegalArgumentException: Venta inválida: cantidad insuficiente en portafolio
	at parcial1.model.trader.sell(trader.java:97)
	at parcial1.model.trader.sell(trader.java:50)
	at parcial1.service.TransactionProcessor.processOrder(TransactionProcessor.java:38)
	at parcial1.App.main(App.java:120)
2025-08-13 22:18:50 [main] ERROR parcial1.service.TransactionProcessor - Transacción falló: Bob sell 0.02836314494535263 SPX
2025-08-13 22:18:50 [main] INFO  parcial1.App - 
--- TURNO 8 ---
2025-08-13 22:18:50 [main] INFO  parcial1.App - Precios de criptomonedas fluctuados para el turno 8
2025-08-13 22:18:50 [main] INFO  parcial1.App - Creando orden aleatoria para trader: Alice
2025-08-13 22:18:50 [main] INFO  parcial1.App - Creando orden aleatoria para trader: Bob
2025-08-13 22:18:50 [main] INFO  parcial1.App - Procesando órdenes del turno 8
2025-08-13 22:18:50 [main] ERROR parcial1.model.trader - Venta inválida: cantidad insuficiente en portafolio
2025-08-13 22:18:50 [main] ERROR parcial1.model.trader - Error en venta: Venta inválida: cantidad insuficiente en portafolio
java.lang.IllegalArgumentException: Venta inválida: cantidad insuficiente en portafolio
	at parcial1.model.trader.sell(trader.java:97)
	at parcial1.model.trader.sell(trader.java:50)
	at parcial1.service.TransactionProcessor.processOrder(TransactionProcessor.java:38)
	at parcial1.App.main(App.java:120)
2025-08-13 22:18:50 [main] ERROR parcial1.service.TransactionProcessor - Transacción falló: Alice sell 0.10635813401776877 LDO
2025-08-13 22:18:50 [main] ERROR parcial1.model.trader - Venta inválida: cantidad insuficiente en portafolio
2025-08-13 22:18:50 [main] ERROR parcial1.model.trader - Error en venta: Venta inválida: cantidad insuficiente en portafolio
java.lang.IllegalArgumentException: Venta inválida: cantidad insuficiente en portafolio
	at parcial1.model.trader.sell(trader.java:97)
	at parcial1.model.trader.sell(trader.java:50)
	at parcial1.service.TransactionProcessor.processOrder(TransactionProcessor.java:38)
	at parcial1.App.main(App.java:120)
2025-08-13 22:18:50 [main] ERROR parcial1.service.TransactionProcessor - Transacción falló: Bob sell 0.07321076322145359 SPX
2025-08-13 22:18:50 [main] INFO  parcial1.App - 
--- TURNO 9 ---
2025-08-13 22:18:50 [main] INFO  parcial1.App - Precios de criptomonedas fluctuados para el turno 9
2025-08-13 22:18:50 [main] INFO  parcial1.App - Creando orden aleatoria para trader: Alice
2025-08-13 22:18:50 [main] INFO  parcial1.App - Creando orden aleatoria para trader: Bob
2025-08-13 22:18:50 [main] INFO  parcial1.App - Procesando órdenes del turno 9
2025-08-13 22:18:50 [main] ERROR parcial1.model.trader - Venta inválida: cantidad insuficiente en portafolio
2025-08-13 22:18:50 [main] ERROR parcial1.model.trader - Error en venta: Venta inválida: cantidad insuficiente en portafolio
java.lang.IllegalArgumentException: Venta inválida: cantidad insuficiente en portafolio
	at parcial1.model.trader.sell(trader.java:97)
	at parcial1.model.trader.sell(trader.java:50)
	at parcial1.service.TransactionProcessor.processOrder(TransactionProcessor.java:38)
	at parcial1.App.main(App.java:120)
2025-08-13 22:18:50 [main] ERROR parcial1.service.TransactionProcessor - Transacción falló: Alice sell 0.04754703625411454 NEAR
2025-08-13 22:18:50 [main] ERROR parcial1.model.trader - Venta inválida: cantidad insuficiente en portafolio
2025-08-13 22:18:50 [main] ERROR parcial1.model.trader - Error en venta: Venta inválida: cantidad insuficiente en portafolio
java.lang.IllegalArgumentException: Venta inválida: cantidad insuficiente en portafolio
	at parcial1.model.trader.sell(trader.java:97)
	at parcial1.model.trader.sell(trader.java:50)
	at parcial1.service.TransactionProcessor.processOrder(TransactionProcessor.java:38)
	at parcial1.App.main(App.java:120)
2025-08-13 22:18:50 [main] ERROR parcial1.service.TransactionProcessor - Transacción falló: Bob sell 0.08127655147054093 WETH
2025-08-13 22:18:50 [main] INFO  parcial1.App - 
--- TURNO 10 ---
2025-08-13 22:18:50 [main] INFO  parcial1.App - Precios de criptomonedas fluctuados para el turno 10
2025-08-13 22:18:50 [main] INFO  parcial1.App - Creando orden aleatoria para trader: Alice
2025-08-13 22:18:50 [main] INFO  parcial1.App - Creando orden aleatoria para trader: Bob
2025-08-13 22:18:50 [main] INFO  parcial1.App - Procesando órdenes del turno 10
2025-08-13 22:18:50 [main] INFO  parcial1.model.trader - Compra realizada: 0.08864570332512749 de LDO
2025-08-13 22:18:50 [main] INFO  parcial1.service.TransactionProcessor - Transacción procesada: Alice buy 0.08864570332512749 LDO
2025-08-13 22:18:50 [main] ERROR parcial1.model.trader - Venta inválida: cantidad insuficiente en portafolio
2025-08-13 22:18:50 [main] ERROR parcial1.model.trader - Error en venta: Venta inválida: cantidad insuficiente en portafolio
java.lang.IllegalArgumentException: Venta inválida: cantidad insuficiente en portafolio
	at parcial1.model.trader.sell(trader.java:97)
	at parcial1.model.trader.sell(trader.java:50)
	at parcial1.service.TransactionProcessor.processOrder(TransactionProcessor.java:38)
	at parcial1.App.main(App.java:120)
2025-08-13 22:18:50 [main] ERROR parcial1.service.TransactionProcessor - Transacción falló: Bob sell 0.04103896284464798 METH
2025-08-13 22:18:50 [main] INFO  parcial1.App - === FIN SIMULACIÓN ===
2025-08-13 22:18:50 [main] INFO  parcial1.App - Archivo reporte_final.json generado correctamente
